// Vitest Snapshot v1, https://vitest.dev/guide/snapshot.html

exports[`Header 컴포넌트 > 기본 렌더링 > all variant가 렌더링된다 1`] = `
<div>
  <div
    class="w-full mx-auto flex flex-col items-center fixed top-0 left-0 z-999 bg-gray-100"
  >
    <div
      class="w-full max-w-[480px] h-12 border-b border-gray-300 flex items-center bg-white justify-between"
    >
      <div
        class="flex-1 flex justify-start"
      >
        <button
          class="cursor-pointer flex items-center justify-center w-fit bg-transparent text-gray-900 text-md rounded-xl px-5 py-3 undefined"
          type="button"
        >
          <svg
            class="size-8"
            fill="none"
            height="28"
            stroke="black"
            stroke-width="3"
            viewBox="0 0 24 24"
            width="28"
            xmlns="http://www.w3.org/2000/svg"
          >
            <path
              d="M16 4 L8 12 L16 20"
            />
          </svg>
        </button>
      </div>
      <div
        class="flex-1 flex justify-center"
      >
        <h1
          class="text-xl font-bold"
        >
          테스트
        </h1>
      </div>
      <div
        class="flex-1 flex justify-end"
      >
        <button
          class="cursor-pointer flex items-center justify-center w-fit bg-transparent text-gray-900 text-md rounded-xl px-5 py-3 undefined"
          type="button"
        >
          <svg
            class="size-8"
            fill="none"
            height="24"
            stroke="currentColor"
            stroke-width="2"
            viewBox="0 0 24 24"
            width="24"
            xmlns="http://www.w3.org/2000/svg"
          >
            <path
              d="M3.99999 10L12 3L20 10L20 20H15V16C15 15.2044 14.6839 14.4413 14.1213 13.8787C13.5587 13.3161 12.7956 13 12 13C11.2043 13 10.4413 13.3161 9.87868 13.8787C9.31607 14.4413 9 15.2043 9 16V20H4L3.99999 10Z"
              stroke-linecap="round"
              stroke-linejoin="round"
            />
          </svg>
          <svg
            class="size-8"
            fill="none"
            height="24"
            viewBox="0 0 24 24"
            width="24"
            xmlns="http://www.w3.org/2000/svg"
          >
            <path
              d="M5 21C5 17.134 8.13401 14 12 14C15.866 14 19 17.134 19 21M16 7C16 9.20914 14.2091 11 12 11C9.79086 11 8 9.20914 8 7C8 4.79086 9.79086 3 12 3C14.2091 3 16 4.79086 16 7Z"
              stroke="currentColor"
              stroke-linecap="round"
              stroke-linejoin="round"
              stroke-width="2"
            />
          </svg>
        </button>
      </div>
    </div>
  </div>
</div>
`;

exports[`Header 컴포넌트 > 기본 렌더링 > logo variant가 렌더링된다 1`] = `
<div>
  <div
    class="w-full mx-auto flex flex-col items-center fixed top-0 left-0 z-999 bg-gray-100"
  >
    <div
      class="w-full max-w-[480px] h-12 border-b border-gray-300 flex items-center bg-white gap-2"
    >
      <svg
        class="size-10"
        viewBox="0 0 206.68 235.04"
        xmlns="http://www.w3.org/2000/svg"
      >
        <path
          d="M169.4,178.07c-.97-.65-8.12,4.31-7.46,6.55l2.45,26.46c4.28,5.4,9.97,9.2,6.25,16.9-2.29,4.73-6.21,6.25-11.28,6.65-5.74.45-22.31.66-27.11-1.3-11.27-4.59-9.03-23.23-12.92-32.84l-15.8.09c-4.1,12.08-1.17,32.65-18.27,34.05-6.06.5-18.4.63-24.34-.02-8.85-.96-13.24-9.92-8.06-17.3,1.36-1.94,4.83-3.97,5.34-6.22.41-7.48.99-14.91,1.28-22.4.17-4.3,1.96-6.38-2.88-9.26-4.31-2.56-11.07-4.32-15.86-6.7-14.15-7.02-35.66-22.87-39.89-38.75-5.54-20.78,17.14-29.98,30.27-14.32-.27-5.87.42-11.67,1.08-17.49-6.06-7.89-27.08-16.94-17.01-29.31,4.78-5.87,12.99-3.71,19.72-4.01,3.49-.16,7.57-.75,11.12-1.04,1.18-.5,8.68-8.24,9.08-9.36.25-.71-.34-2.61-.54-3.5-1.43-6.52-7.49-19.76-6.52-25.56s6.57-9.89,12.17-8.95c6.5,1.09,18.08,13.82,25.01,17.21,5.02,2.45,7.68.69,9.84-4.07,3.39-7.46,5.82-25.47,10.78-30.26,3.93-3.79,9.38-4.4,14.03-1.41,6.92,4.45,8.89,24.14,13.01,32.07,2.32,4.46,4.88,6.16,9.76,3.75,6.79-3.35,18.32-15.56,24.48-17.16s12.79,4.15,12.69,10.35-5.57,17.59-6.63,24.58c-.73,4.81.66,3.39,3.23,6.08,21.62,22.59,25.93,56.72,14.57,85.41,8.61,10.49,24.51,34.17,9.43,45.45-12.79,9.57-24.83-4.22-31.04-14.36ZM158.07,215.37c-2.11-2.6-1.99-25.96-3.59-30.8.42-7.4,7.86-10.4,12.62-15.02,25.05-24.32,31.46-66.37,10.61-95.39-3.8-5.28-12.82-11.32-12.24-17.71.69-7.61,5.85-17.02,6.76-24.49.42-3.48-.75-5.12-4.33-3.73-4.96,1.93-14.19,11.07-19.66,14.46-14.18,8.78-20.34.2-24.77-12.61-1.94-5.61-3.23-14.32-5.47-19.38-1.61-3.64-5.17-4.39-7.74-1.25-4.7,11.34-6.89,44.14-26.68,35.59-7.51-3.24-15.95-13.62-22.73-16.59-3.71-1.63-5.69.27-5.37,4.16.58,7,6.16,16.62,6.91,23.76.37,3.55-.04,4.99-2.08,7.75-1.15,1.56-9.05,9.96-10.32,10.49-6.15,2.55-26.14-.62-29.1,3.01-1.01,1.24-.93,2.9-.32,4.31.64,1.49,10.01,9.44,12.01,11.13,1.26,1.06,2.89,1.33,4.08,2.86,4.41,5.62,1.67,12,1.39,18.2-.25,5.76,1,10.72,1.21,16.17.14,3.71.39,7.29-3.78,4.36-6.13-4.3-14.7-20.93-24.58-14.71-5.63,3.55-3.97,11.99-1.49,17.04,6.63,13.51,26.61,25.58,39.86,31.85,9.99,4.73,18.21,4.25,17.78,18.12-.24,7.55-.93,17.87-1.83,25.33-.7,5.83-7.91,7.64-7.35,12.07.23,1.84,2.59,2.56,4.22,2.74,5.36.59,17.15.49,22.61,0,3.99-.35,6.52-1.78,7.53-5.77,1.87-7.36,2.34-16.42,4.87-23.45.76-2.11,1.33-3.88,3.82-4.28,3.62-.57,16.49-.52,20.25-.06,1.11.13,2.17.62,2.96,1.38,4.28,4.11,4.33,21.57,7.11,27.85.89,2.01,2.89,3.15,4.93,3.75,3.86,1.13,19.23.99,23.79.58,2.51-.23,5.63-1.83,4.81-4.81-.09-.34-3.83-4.57-4.52-5.36-.65-.75-1.81-1.13-2.17-1.57ZM186.84,154.31c-2.83,6.81-8.04,12.46-12.63,18.19,4.05,5.91,13.49,21.25,22.09,14.07,6.63-5.53,1.92-15.91-1.47-22.04-1.33-2.39-4.75-7.8-6.58-9.61-.48-.47-.51-.83-1.4-.61Z"
          fill="#0b0707"
        />
        <path
          d="M158.07,215.37c.36.45,1.52.83,2.17,1.57.69.79,4.43,5.02,4.52,5.36.82,2.98-2.29,4.58-4.81,4.81-4.56.41-19.93.55-23.79-.58-2.04-.59-4.04-1.74-4.93-3.75-2.78-6.29-2.83-23.74-7.11-27.85-.79-.76-1.85-1.25-2.96-1.38-3.76-.46-16.63-.51-20.25.06-2.49.39-3.06,2.17-3.82,4.28-2.53,7.03-2.99,16.09-4.87,23.45-1.01,3.98-3.55,5.42-7.53,5.77-5.46.48-17.25.58-22.61,0-1.63-.18-3.99-.9-4.22-2.74-.56-4.42,6.65-6.24,7.35-12.07.9-7.46,1.59-17.78,1.83-25.33.43-13.87-7.79-13.4-17.78-18.12-13.26-6.27-33.23-18.34-39.86-31.85-2.48-5.05-4.14-13.49,1.49-17.04,9.88-6.23,18.45,10.4,24.58,14.71,4.17,2.93,3.92-.64,3.78-4.36-.2-5.45-1.46-10.42-1.21-16.17.27-6.2,3.02-12.58-1.39-18.2-1.2-1.52-2.82-1.8-4.08-2.86-2-1.69-11.36-9.64-12.01-11.13-.61-1.41-.69-3.07.32-4.31,2.96-3.63,22.95-.46,29.1-3.01,1.27-.53,9.18-8.94,10.32-10.49,2.04-2.76,2.45-4.2,2.08-7.75-.74-7.14-6.32-16.76-6.91-23.76-.32-3.89,1.66-5.79,5.37-4.16,6.78,2.98,15.22,13.35,22.73,16.59,19.78,8.55,21.97-24.25,26.68-35.59,2.57-3.14,6.13-2.39,7.74,1.25,2.24,5.06,3.53,13.77,5.47,19.38,4.43,12.81,10.59,21.4,24.77,12.61,5.47-3.39,14.7-12.53,19.66-14.46,3.58-1.39,4.75.24,4.33,3.73-.91,7.47-6.06,16.88-6.76,24.49-.58,6.39,8.44,12.42,12.24,17.71,20.85,29.02,14.45,71.07-10.61,95.39-4.76,4.62-12.19,7.61-12.62,15.02,1.6,4.84,1.48,28.21,3.59,30.8ZM84.82,89.17c-6.71.84-9.09,5.42-10.58,11.4-2.41,9.63.11,26.93,13.34,25.44,16.03-1.81,14.76-39.02-2.75-36.84ZM156.53,92.12c-2.05-1.99-5.78-3.36-8.62-2.97-15.36,2.13-15,34.31,0,36.71,15.21,2.43,17.52-25.11,8.62-33.74ZM107.74,141.39c10.48,10.15,24.53,1.54,25.84-11.64,1.38-13.86-4.76-7.27-12.42-6.62-2.12.18-6.01.2-8.07-.07-3.01-.4-9.72-5.45-10.72.95-.89,5.69,1.19,13.33,5.38,17.38Z"
          fill="#eb7928"
        />
        <path
          d="M186.84,154.31c.9-.22.92.15,1.4.61,1.83,1.8,5.26,7.21,6.58,9.61,3.4,6.13,8.11,16.51,1.47,22.04-8.6,7.18-18.04-8.17-22.09-14.07,4.6-5.73,9.8-11.38,12.63-18.19Z"
          fill="#eb7928"
        />
        <path
          d="M84.82,89.17c17.52-2.18,18.78,35.03,2.75,36.84-13.23,1.49-15.74-15.8-13.34-25.44,1.49-5.98,3.87-10.56,10.58-11.4ZM88.82,96.05c-2.71.9-2.39,10.36,3.28,8.48,2.71-.9,2.39-10.36-3.28-8.48Z"
          fill="#0b0707"
        />
        <path
          d="M156.53,92.12c8.89,8.63,6.58,36.18-8.62,33.74-15-2.4-15.35-34.58,0-36.71,2.84-.39,6.57.98,8.62,2.97ZM151.93,96.06c-3.35,1.04-2.02,9.82,2.66,8.46,3.72-1.08,2.76-10.14-2.66-8.46Z"
          fill="#0b0707"
        />
        <path
          d="M107.74,141.39c-4.18-4.05-6.27-11.69-5.38-17.38,1.01-6.41,7.71-1.35,10.72-.95,2.07.28,5.96.25,8.07.07,7.66-.65,13.8-7.24,12.42,6.62-1.31,13.19-15.36,21.79-25.84,11.64ZM109.28,132.95c.25,6.76,10.4,9.92,14.99,5.42,2.69-2.64-2.51-5.31-5.13-5.76-3.11-.54-6.84-.51-9.86.34Z"
          fill="#0b0707"
        />
        <path
          d="M88.82,96.05c5.67-1.87,5.99,7.59,3.28,8.48-5.67,1.87-5.99-7.59-3.28-8.48Z"
          fill="#fdfcf9"
        />
        <path
          d="M151.93,96.06c5.42-1.68,6.37,7.37,2.66,8.46-4.68,1.36-6.01-7.42-2.66-8.46Z"
          fill="#fdfcf9"
        />
        <path
          d="M109.28,132.95c3.02-.85,6.75-.88,9.86-.34,2.62.46,7.82,3.12,5.13,5.76-4.59,4.5-14.74,1.34-14.99-5.42Z"
          fill="#eb7928"
        />
      </svg>
      <h1
        class="text-xl font-bold"
      >
        FestaPick
      </h1>
    </div>
  </div>
</div>
`;

exports[`Header 컴포넌트 > 기본 렌더링 > page variant가 렌더링된다 1`] = `
<div>
  <div
    class="w-full mx-auto flex flex-col items-center fixed top-0 left-0 z-999 bg-gray-100"
  >
    <div
      class="w-full max-w-[480px] h-12 border-b border-gray-300 flex items-center bg-white justify-between"
    >
      <div
        class="flex-1 flex justify-start"
      >
        <button
          class="cursor-pointer flex items-center justify-center w-fit bg-transparent text-gray-900 text-md rounded-xl px-5 py-3 undefined"
          type="button"
        >
          <svg
            class="size-8"
            fill="none"
            height="28"
            stroke="black"
            stroke-width="3"
            viewBox="0 0 24 24"
            width="28"
            xmlns="http://www.w3.org/2000/svg"
          >
            <path
              d="M16 4 L8 12 L16 20"
            />
          </svg>
        </button>
      </div>
      <div
        class="flex-1 flex justify-center"
      >
        <h1
          class="text-xl font-bold"
        >
          테스트
        </h1>
      </div>
      <div
        class="flex-1 flex justify-end"
      />
    </div>
  </div>
</div>
`;

exports[`Header 컴포넌트 > 스냅샷 테스트 > all variant가 렌더링된다 1`] = `
<div>
  <div
    class="w-full mx-auto flex flex-col items-center fixed top-0 left-0 z-999 bg-gray-100"
  >
    <div
      class="w-full max-w-[480px] h-12 border-b border-gray-300 flex items-center bg-white justify-between"
    >
      <div
        class="flex-1 flex justify-start"
      >
        <button
          class="cursor-pointer flex items-center justify-center w-fit bg-transparent text-gray-900 text-md rounded-xl px-5 py-3 undefined"
          type="button"
        >
          <svg
            class="size-8"
            fill="none"
            height="28"
            stroke="black"
            stroke-width="3"
            viewBox="0 0 24 24"
            width="28"
            xmlns="http://www.w3.org/2000/svg"
          >
            <path
              d="M16 4 L8 12 L16 20"
            />
          </svg>
        </button>
      </div>
      <div
        class="flex-1 flex justify-center"
      >
        <h1
          class="text-xl font-bold"
        >
          테스트
        </h1>
      </div>
      <div
        class="flex-1 flex justify-end"
      >
        <button
          class="cursor-pointer flex items-center justify-center w-fit bg-transparent text-gray-900 text-md rounded-xl px-5 py-3 undefined"
          type="button"
        >
          <svg
            class="size-8"
            fill="none"
            height="24"
            stroke="currentColor"
            stroke-width="2"
            viewBox="0 0 24 24"
            width="24"
            xmlns="http://www.w3.org/2000/svg"
          >
            <path
              d="M3.99999 10L12 3L20 10L20 20H15V16C15 15.2044 14.6839 14.4413 14.1213 13.8787C13.5587 13.3161 12.7956 13 12 13C11.2043 13 10.4413 13.3161 9.87868 13.8787C9.31607 14.4413 9 15.2043 9 16V20H4L3.99999 10Z"
              stroke-linecap="round"
              stroke-linejoin="round"
            />
          </svg>
          <svg
            class="size-8"
            fill="none"
            height="24"
            viewBox="0 0 24 24"
            width="24"
            xmlns="http://www.w3.org/2000/svg"
          >
            <path
              d="M5 21C5 17.134 8.13401 14 12 14C15.866 14 19 17.134 19 21M16 7C16 9.20914 14.2091 11 12 11C9.79086 11 8 9.20914 8 7C8 4.79086 9.79086 3 12 3C14.2091 3 16 4.79086 16 7Z"
              stroke="currentColor"
              stroke-linecap="round"
              stroke-linejoin="round"
              stroke-width="2"
            />
          </svg>
        </button>
      </div>
    </div>
  </div>
</div>
`;

exports[`Header 컴포넌트 > 스냅샷 테스트 > logo variant가 렌더링된다 1`] = `
<div>
  <div
    class="w-full mx-auto flex flex-col items-center fixed top-0 left-0 z-999 bg-gray-100"
  >
    <div
      class="w-full max-w-[480px] h-12 border-b border-gray-300 flex items-center bg-white gap-2"
    >
      <svg
        class="size-10"
        viewBox="0 0 206.68 235.04"
        xmlns="http://www.w3.org/2000/svg"
      >
        <path
          d="M169.4,178.07c-.97-.65-8.12,4.31-7.46,6.55l2.45,26.46c4.28,5.4,9.97,9.2,6.25,16.9-2.29,4.73-6.21,6.25-11.28,6.65-5.74.45-22.31.66-27.11-1.3-11.27-4.59-9.03-23.23-12.92-32.84l-15.8.09c-4.1,12.08-1.17,32.65-18.27,34.05-6.06.5-18.4.63-24.34-.02-8.85-.96-13.24-9.92-8.06-17.3,1.36-1.94,4.83-3.97,5.34-6.22.41-7.48.99-14.91,1.28-22.4.17-4.3,1.96-6.38-2.88-9.26-4.31-2.56-11.07-4.32-15.86-6.7-14.15-7.02-35.66-22.87-39.89-38.75-5.54-20.78,17.14-29.98,30.27-14.32-.27-5.87.42-11.67,1.08-17.49-6.06-7.89-27.08-16.94-17.01-29.31,4.78-5.87,12.99-3.71,19.72-4.01,3.49-.16,7.57-.75,11.12-1.04,1.18-.5,8.68-8.24,9.08-9.36.25-.71-.34-2.61-.54-3.5-1.43-6.52-7.49-19.76-6.52-25.56s6.57-9.89,12.17-8.95c6.5,1.09,18.08,13.82,25.01,17.21,5.02,2.45,7.68.69,9.84-4.07,3.39-7.46,5.82-25.47,10.78-30.26,3.93-3.79,9.38-4.4,14.03-1.41,6.92,4.45,8.89,24.14,13.01,32.07,2.32,4.46,4.88,6.16,9.76,3.75,6.79-3.35,18.32-15.56,24.48-17.16s12.79,4.15,12.69,10.35-5.57,17.59-6.63,24.58c-.73,4.81.66,3.39,3.23,6.08,21.62,22.59,25.93,56.72,14.57,85.41,8.61,10.49,24.51,34.17,9.43,45.45-12.79,9.57-24.83-4.22-31.04-14.36ZM158.07,215.37c-2.11-2.6-1.99-25.96-3.59-30.8.42-7.4,7.86-10.4,12.62-15.02,25.05-24.32,31.46-66.37,10.61-95.39-3.8-5.28-12.82-11.32-12.24-17.71.69-7.61,5.85-17.02,6.76-24.49.42-3.48-.75-5.12-4.33-3.73-4.96,1.93-14.19,11.07-19.66,14.46-14.18,8.78-20.34.2-24.77-12.61-1.94-5.61-3.23-14.32-5.47-19.38-1.61-3.64-5.17-4.39-7.74-1.25-4.7,11.34-6.89,44.14-26.68,35.59-7.51-3.24-15.95-13.62-22.73-16.59-3.71-1.63-5.69.27-5.37,4.16.58,7,6.16,16.62,6.91,23.76.37,3.55-.04,4.99-2.08,7.75-1.15,1.56-9.05,9.96-10.32,10.49-6.15,2.55-26.14-.62-29.1,3.01-1.01,1.24-.93,2.9-.32,4.31.64,1.49,10.01,9.44,12.01,11.13,1.26,1.06,2.89,1.33,4.08,2.86,4.41,5.62,1.67,12,1.39,18.2-.25,5.76,1,10.72,1.21,16.17.14,3.71.39,7.29-3.78,4.36-6.13-4.3-14.7-20.93-24.58-14.71-5.63,3.55-3.97,11.99-1.49,17.04,6.63,13.51,26.61,25.58,39.86,31.85,9.99,4.73,18.21,4.25,17.78,18.12-.24,7.55-.93,17.87-1.83,25.33-.7,5.83-7.91,7.64-7.35,12.07.23,1.84,2.59,2.56,4.22,2.74,5.36.59,17.15.49,22.61,0,3.99-.35,6.52-1.78,7.53-5.77,1.87-7.36,2.34-16.42,4.87-23.45.76-2.11,1.33-3.88,3.82-4.28,3.62-.57,16.49-.52,20.25-.06,1.11.13,2.17.62,2.96,1.38,4.28,4.11,4.33,21.57,7.11,27.85.89,2.01,2.89,3.15,4.93,3.75,3.86,1.13,19.23.99,23.79.58,2.51-.23,5.63-1.83,4.81-4.81-.09-.34-3.83-4.57-4.52-5.36-.65-.75-1.81-1.13-2.17-1.57ZM186.84,154.31c-2.83,6.81-8.04,12.46-12.63,18.19,4.05,5.91,13.49,21.25,22.09,14.07,6.63-5.53,1.92-15.91-1.47-22.04-1.33-2.39-4.75-7.8-6.58-9.61-.48-.47-.51-.83-1.4-.61Z"
          fill="#0b0707"
        />
        <path
          d="M158.07,215.37c.36.45,1.52.83,2.17,1.57.69.79,4.43,5.02,4.52,5.36.82,2.98-2.29,4.58-4.81,4.81-4.56.41-19.93.55-23.79-.58-2.04-.59-4.04-1.74-4.93-3.75-2.78-6.29-2.83-23.74-7.11-27.85-.79-.76-1.85-1.25-2.96-1.38-3.76-.46-16.63-.51-20.25.06-2.49.39-3.06,2.17-3.82,4.28-2.53,7.03-2.99,16.09-4.87,23.45-1.01,3.98-3.55,5.42-7.53,5.77-5.46.48-17.25.58-22.61,0-1.63-.18-3.99-.9-4.22-2.74-.56-4.42,6.65-6.24,7.35-12.07.9-7.46,1.59-17.78,1.83-25.33.43-13.87-7.79-13.4-17.78-18.12-13.26-6.27-33.23-18.34-39.86-31.85-2.48-5.05-4.14-13.49,1.49-17.04,9.88-6.23,18.45,10.4,24.58,14.71,4.17,2.93,3.92-.64,3.78-4.36-.2-5.45-1.46-10.42-1.21-16.17.27-6.2,3.02-12.58-1.39-18.2-1.2-1.52-2.82-1.8-4.08-2.86-2-1.69-11.36-9.64-12.01-11.13-.61-1.41-.69-3.07.32-4.31,2.96-3.63,22.95-.46,29.1-3.01,1.27-.53,9.18-8.94,10.32-10.49,2.04-2.76,2.45-4.2,2.08-7.75-.74-7.14-6.32-16.76-6.91-23.76-.32-3.89,1.66-5.79,5.37-4.16,6.78,2.98,15.22,13.35,22.73,16.59,19.78,8.55,21.97-24.25,26.68-35.59,2.57-3.14,6.13-2.39,7.74,1.25,2.24,5.06,3.53,13.77,5.47,19.38,4.43,12.81,10.59,21.4,24.77,12.61,5.47-3.39,14.7-12.53,19.66-14.46,3.58-1.39,4.75.24,4.33,3.73-.91,7.47-6.06,16.88-6.76,24.49-.58,6.39,8.44,12.42,12.24,17.71,20.85,29.02,14.45,71.07-10.61,95.39-4.76,4.62-12.19,7.61-12.62,15.02,1.6,4.84,1.48,28.21,3.59,30.8ZM84.82,89.17c-6.71.84-9.09,5.42-10.58,11.4-2.41,9.63.11,26.93,13.34,25.44,16.03-1.81,14.76-39.02-2.75-36.84ZM156.53,92.12c-2.05-1.99-5.78-3.36-8.62-2.97-15.36,2.13-15,34.31,0,36.71,15.21,2.43,17.52-25.11,8.62-33.74ZM107.74,141.39c10.48,10.15,24.53,1.54,25.84-11.64,1.38-13.86-4.76-7.27-12.42-6.62-2.12.18-6.01.2-8.07-.07-3.01-.4-9.72-5.45-10.72.95-.89,5.69,1.19,13.33,5.38,17.38Z"
          fill="#eb7928"
        />
        <path
          d="M186.84,154.31c.9-.22.92.15,1.4.61,1.83,1.8,5.26,7.21,6.58,9.61,3.4,6.13,8.11,16.51,1.47,22.04-8.6,7.18-18.04-8.17-22.09-14.07,4.6-5.73,9.8-11.38,12.63-18.19Z"
          fill="#eb7928"
        />
        <path
          d="M84.82,89.17c17.52-2.18,18.78,35.03,2.75,36.84-13.23,1.49-15.74-15.8-13.34-25.44,1.49-5.98,3.87-10.56,10.58-11.4ZM88.82,96.05c-2.71.9-2.39,10.36,3.28,8.48,2.71-.9,2.39-10.36-3.28-8.48Z"
          fill="#0b0707"
        />
        <path
          d="M156.53,92.12c8.89,8.63,6.58,36.18-8.62,33.74-15-2.4-15.35-34.58,0-36.71,2.84-.39,6.57.98,8.62,2.97ZM151.93,96.06c-3.35,1.04-2.02,9.82,2.66,8.46,3.72-1.08,2.76-10.14-2.66-8.46Z"
          fill="#0b0707"
        />
        <path
          d="M107.74,141.39c-4.18-4.05-6.27-11.69-5.38-17.38,1.01-6.41,7.71-1.35,10.72-.95,2.07.28,5.96.25,8.07.07,7.66-.65,13.8-7.24,12.42,6.62-1.31,13.19-15.36,21.79-25.84,11.64ZM109.28,132.95c.25,6.76,10.4,9.92,14.99,5.42,2.69-2.64-2.51-5.31-5.13-5.76-3.11-.54-6.84-.51-9.86.34Z"
          fill="#0b0707"
        />
        <path
          d="M88.82,96.05c5.67-1.87,5.99,7.59,3.28,8.48-5.67,1.87-5.99-7.59-3.28-8.48Z"
          fill="#fdfcf9"
        />
        <path
          d="M151.93,96.06c5.42-1.68,6.37,7.37,2.66,8.46-4.68,1.36-6.01-7.42-2.66-8.46Z"
          fill="#fdfcf9"
        />
        <path
          d="M109.28,132.95c3.02-.85,6.75-.88,9.86-.34,2.62.46,7.82,3.12,5.13,5.76-4.59,4.5-14.74,1.34-14.99-5.42Z"
          fill="#eb7928"
        />
      </svg>
      <h1
        class="text-xl font-bold"
      >
        FestaPick
      </h1>
    </div>
  </div>
</div>
`;

exports[`Header 컴포넌트 > 스냅샷 테스트 > page variant가 렌더링된다 1`] = `
<div>
  <div
    class="w-full mx-auto flex flex-col items-center fixed top-0 left-0 z-999 bg-gray-100"
  >
    <div
      class="w-full max-w-[480px] h-12 border-b border-gray-300 flex items-center bg-white justify-between"
    >
      <div
        class="flex-1 flex justify-start"
      >
        <button
          class="cursor-pointer flex items-center justify-center w-fit bg-transparent text-gray-900 text-md rounded-xl px-5 py-3 undefined"
          type="button"
        >
          <svg
            class="size-8"
            fill="none"
            height="28"
            stroke="black"
            stroke-width="3"
            viewBox="0 0 24 24"
            width="28"
            xmlns="http://www.w3.org/2000/svg"
          >
            <path
              d="M16 4 L8 12 L16 20"
            />
          </svg>
        </button>
      </div>
      <div
        class="flex-1 flex justify-center"
      >
        <h1
          class="text-xl font-bold"
        >
          테스트
        </h1>
      </div>
      <div
        class="flex-1 flex justify-end"
      />
    </div>
  </div>
</div>
`;
